Modules list:
-------------
nio.o:
    CODE              Offs=000000  Size=000304  Align=00001  Fill=0000
main.o:
    CODE              Offs=000304  Size=0002BD  Align=00001  Fill=0000
    RODATA            Offs=000000  Size=0000D6  Align=00001  Fill=0000
    BSS               Offs=000000  Size=0022DA  Align=00001  Fill=0000
    DATA              Offs=000000  Size=000007  Align=00001  Fill=0000
conio.o:
    CODE              Offs=0005C1  Size=000095  Align=00001  Fill=0000
sio.o:
    CODE              Offs=000656  Size=000010  Align=00001  Fill=0000
cio.o:
    CODE              Offs=000666  Size=000006  Align=00001  Fill=0000
intr.o:
    CODE              Offs=00066C  Size=000007  Align=00001  Fill=0000
/home/mozzwald/build/cc65/lib/atari.lib(_hextab.o):
    RODATA            Offs=0000D6  Size=000010  Align=00001  Fill=0000
/home/mozzwald/build/cc65/lib/atari.lib(addeqsp.o):
    CODE              Offs=000673  Size=000011  Align=00001  Fill=0000
/home/mozzwald/build/cc65/lib/atari.lib(addysp.o):
    CODE              Offs=000684  Size=00000E  Align=00001  Fill=0000
/home/mozzwald/build/cc65/lib/atari.lib(atoi.o):
    CODE              Offs=000692  Size=000091  Align=00001  Fill=0000
/home/mozzwald/build/cc65/lib/atari.lib(callmain.o):
    CODE              Offs=000723  Size=000017  Align=00001  Fill=0000
    DATA              Offs=000007  Size=000004  Align=00001  Fill=0000
/home/mozzwald/build/cc65/lib/atari.lib(condes.o):
    CODE              Offs=00073A  Size=00000C  Align=00001  Fill=0000
    DATA              Offs=00000B  Size=000025  Align=00001  Fill=0000
    ONCE              Offs=000000  Size=00000C  Align=00001  Fill=0000
/home/mozzwald/build/cc65/lib/atari.lib(crt0.o):
    BSS               Offs=0022DA  Size=000005  Align=00001  Fill=0000
    STARTUP           Offs=000000  Size=000063  Align=00001  Fill=0000
/home/mozzwald/build/cc65/lib/atari.lib(ctype.o):
    RODATA            Offs=0000E6  Size=00008B  Align=00001  Fill=0000
/home/mozzwald/build/cc65/lib/atari.lib(ctypemask.o):
    CODE              Offs=000746  Size=00001E  Align=00001  Fill=0000
/home/mozzwald/build/cc65/lib/atari.lib(decsp4.o):
    CODE              Offs=000764  Size=00000D  Align=00001  Fill=0000
/home/mozzwald/build/cc65/lib/atari.lib(exehdr.o):
    EXEHDR            Offs=000000  Size=000002  Align=00001  Fill=0000
    MAINHDR           Offs=000000  Size=000004  Align=00001  Fill=0000
/home/mozzwald/build/cc65/lib/atari.lib(exetrailer.o):
    AUTOSTRT          Offs=000000  Size=000006  Align=00001  Fill=0000
/home/mozzwald/build/cc65/lib/atari.lib(incsp2.o):
    CODE              Offs=000771  Size=000016  Align=00001  Fill=0000
/home/mozzwald/build/cc65/lib/atari.lib(incsp3.o):
    CODE              Offs=000787  Size=000005  Align=00001  Fill=0000
/home/mozzwald/build/cc65/lib/atari.lib(incsp4.o):
    CODE              Offs=00078C  Size=000005  Align=00001  Fill=0000
/home/mozzwald/build/cc65/lib/atari.lib(incsp6.o):
    CODE              Offs=000791  Size=000005  Align=00001  Fill=0000
/home/mozzwald/build/cc65/lib/atari.lib(incsp7.o):
    CODE              Offs=000796  Size=000005  Align=00001  Fill=0000
/home/mozzwald/build/cc65/lib/atari.lib(itoa.o):
    CODE              Offs=00079B  Size=000094  Align=00001  Fill=0000
    RODATA            Offs=000171  Size=000007  Align=00001  Fill=0000
/home/mozzwald/build/cc65/lib/atari.lib(lneg.o):
    CODE              Offs=00082F  Size=00001E  Align=00001  Fill=0000
/home/mozzwald/build/cc65/lib/atari.lib(pusha.o):
    CODE              Offs=00084D  Size=000016  Align=00001  Fill=0000
/home/mozzwald/build/cc65/lib/atari.lib(pushax.o):
    CODE              Offs=000863  Size=00001A  Align=00001  Fill=0000
/home/mozzwald/build/cc65/lib/atari.lib(pushwsp.o):
    CODE              Offs=00087D  Size=00001C  Align=00001  Fill=0000
/home/mozzwald/build/cc65/lib/atari.lib(strcat.o):
    CODE              Offs=000899  Size=000031  Align=00001  Fill=0000
/home/mozzwald/build/cc65/lib/atari.lib(strcpy.o):
    CODE              Offs=0008CA  Size=00001F  Align=00001  Fill=0000
/home/mozzwald/build/cc65/lib/atari.lib(strlen.o):
    CODE              Offs=0008E9  Size=000016  Align=00001  Fill=0000
/home/mozzwald/build/cc65/lib/atari.lib(system_check.o):
    SYSCHK            Offs=000000  Size=0000F6  Align=00001  Fill=0000
/home/mozzwald/build/cc65/lib/atari.lib(system_check_hdr.o):
    SYSCHKHDR         Offs=000000  Size=000004  Align=00001  Fill=0000
/home/mozzwald/build/cc65/lib/atari.lib(system_check_trailer.o):
    SYSCHKTRL         Offs=000000  Size=000006  Align=00001  Fill=0000
/home/mozzwald/build/cc65/lib/atari.lib(zerobss.o):
    CODE              Offs=0008FF  Size=000023  Align=00001  Fill=0000
/home/mozzwald/build/cc65/lib/atari.lib(zeropage.o):
    ZEROPAGE          Offs=000000  Size=00001A  Align=00001  Fill=0000


Segment list:
-------------
Name                   Start     End    Size  Align
----------------------------------------------------
AUTOSTRT              000000  000005  000006  00001
EXEHDR                000000  000001  000002  00001
MAINHDR               000000  000003  000004  00001
SYSCHKHDR             000000  000003  000004  00001
SYSCHKTRL             000000  000005  000006  00001
ZEROPAGE              000082  00009B  00001A  00001
STARTUP               002000  002062  000063  00001
ONCE                  002063  00206E  00000C  00001
CODE                  00206F  002990  000922  00001
RODATA                002991  002B08  000178  00001
DATA                  002B09  002B38  000030  00001
BSS                   002B39  004E17  0022DF  00001
SYSCHK                002E00  002EF5  0000F6  00001


Exports list by name:
---------------------
__AUTOSTART__             000001 REA    __BSS_LOAD__              002B39 RLA    
__BSS_RUN__               002B39 RLA    __BSS_SIZE__              0022DF REA    
__CONSTRUCTOR_COUNT__     000000 REA    __CONSTRUCTOR_TABLE__     00206F RLA    
__DESTRUCTOR_COUNT__      000000 REA    __DESTRUCTOR_TABLE__      002B09 RLA    
__EXEHDR__                000001 REA    __LOWCODE_RUN__           002063 RLA    
__LOWCODE_SIZE__          000000 REA    __MAIN_START__            002000 RLA    
__RESERVED_MEMORY__       000000 REA    __STACKSIZE__             000800 REA    
__STARTADDRESS__          002000 REA    __STARTUP__               000001 REA    
__SYSCHKHDR__             000001 REA    __SYSCHKTRL__             000001 REA    
__SYSCHK_END__            002EF6 RLA    __SYSCHK_LOAD__           002E00 RLA    
__SYSTEM_CHECK__          002E47 REA    __ctype                   002A77 RLA    
__ctypeidx                002A82 RLA    __hextab                  002A67 RLA    
_atoi                     002701 RLA    _ciov                     0026D5 RLA    
_get_line                 0026A0 RLA    _ih                       0026DB RLA    
_itoa                     002828 RLA    _main                     0024E8 RLA    
_nclose                   0020E6 RLA    _nopen                    00206F RLA    
_nread                    00219F RLA    _nstatus                  00214D RLA    
_print                    00267C RLA    _printl                   002630 RLA    
_siov                     0026C5 RLA    _strcat                   002908 RLA    
_strcpy                   002939 RLA    _strlen                   002958 RLA    
_trip                     002B0C RLA    addeq0sp                  0026E2 RLA    
addysp                    0026F4 RLA    addysp1                   0026F3 RLA    
callmain                  002792 RLA    ctypemaskdirect           0027B9 RLA    
decsp4                    0027D3 RLA    donelib                   0027A9 RLA    
incsp2                    0027E8 RLA    incsp3                    0027F6 RLA    
incsp4                    0027FB RLA    incsp6                    002800 RLA    
incsp7                    002805 RLA    initlib                   002063 RLA    
negeax                    00289E RLA    popax                     0027E0 RLA    
ptr1                      00008A RLZ    ptr2                      00008C RLZ    
ptr3                      00008E RLZ    push0                     0028D2 RLA    
pusha                     0028C0 RLA    pushax                    0028D6 RLA    
pushwysp                  0028EE RLA    sp                        000082 RLZ    
sreg                      000084 RLZ    start                     002001 RLA    
tmp1                      000092 RLZ    tmp3                      000094 RLZ    
zerobss                   00296E RLA    


Exports list by value:
----------------------
__CONSTRUCTOR_COUNT__     000000 REA    __DESTRUCTOR_COUNT__      000000 REA    
__LOWCODE_SIZE__          000000 REA    __RESERVED_MEMORY__       000000 REA    
__AUTOSTART__             000001 REA    __EXEHDR__                000001 REA    
__STARTUP__               000001 REA    __SYSCHKHDR__             000001 REA    
__SYSCHKTRL__             000001 REA    sp                        000082 RLZ    
sreg                      000084 RLZ    ptr1                      00008A RLZ    
ptr2                      00008C RLZ    ptr3                      00008E RLZ    
tmp1                      000092 RLZ    tmp3                      000094 RLZ    
__STACKSIZE__             000800 REA    __MAIN_START__            002000 RLA    
__STARTADDRESS__          002000 REA    start                     002001 RLA    
__LOWCODE_RUN__           002063 RLA    initlib                   002063 RLA    
__CONSTRUCTOR_TABLE__     00206F RLA    _nopen                    00206F RLA    
_nclose                   0020E6 RLA    _nstatus                  00214D RLA    
_nread                    00219F RLA    __BSS_SIZE__              0022DF REA    
_main                     0024E8 RLA    _printl                   002630 RLA    
_print                    00267C RLA    _get_line                 0026A0 RLA    
_siov                     0026C5 RLA    _ciov                     0026D5 RLA    
_ih                       0026DB RLA    addeq0sp                  0026E2 RLA    
addysp1                   0026F3 RLA    addysp                    0026F4 RLA    
_atoi                     002701 RLA    callmain                  002792 RLA    
donelib                   0027A9 RLA    ctypemaskdirect           0027B9 RLA    
decsp4                    0027D3 RLA    popax                     0027E0 RLA    
incsp2                    0027E8 RLA    incsp3                    0027F6 RLA    
incsp4                    0027FB RLA    incsp6                    002800 RLA    
incsp7                    002805 RLA    _itoa                     002828 RLA    
negeax                    00289E RLA    pusha                     0028C0 RLA    
push0                     0028D2 RLA    pushax                    0028D6 RLA    
pushwysp                  0028EE RLA    _strcat                   002908 RLA    
_strcpy                   002939 RLA    _strlen                   002958 RLA    
zerobss                   00296E RLA    __hextab                  002A67 RLA    
__ctype                   002A77 RLA    __ctypeidx                002A82 RLA    
__DESTRUCTOR_TABLE__      002B09 RLA    _trip                     002B0C RLA    
__BSS_LOAD__              002B39 RLA    __BSS_RUN__               002B39 RLA    
__SYSCHK_LOAD__           002E00 RLA    __SYSTEM_CHECK__          002E47 REA    
__SYSCHK_END__            002EF6 RLA    


Imports list:
-------------
__AUTOSTART__ (exetrailer.o):
    [linker generated]        /home/mozzwald/build/cc65/cfg/atari.cfg(7)
__BSS_LOAD__ ([linker generated]):
    exehdr.o                  atari/exehdr.s(4)
__BSS_RUN__ ([linker generated]):
    zerobss.o                 common/zerobss.s(8)
    system_check.o            atari/system_check.s(23)
__BSS_SIZE__ ([linker generated]):
    zerobss.o                 common/zerobss.s(8)
    system_check.o            atari/system_check.s(23)
__CONSTRUCTOR_COUNT__ ([linker generated]):
    condes.o                  runtime/condes.s(18)
__CONSTRUCTOR_TABLE__ ([linker generated]):
    condes.o                  runtime/condes.s(18)
__DESTRUCTOR_COUNT__ ([linker generated]):
    condes.o                  runtime/condes.s(19)
__DESTRUCTOR_TABLE__ ([linker generated]):
    condes.o                  runtime/condes.s(19)
__EXEHDR__ (exehdr.o):
    [linker generated]        /home/mozzwald/build/cc65/cfg/atari.cfg(5)
__LOWCODE_RUN__ ([linker generated]):
    crt0.o                    atari/crt0.s(18)
__LOWCODE_SIZE__ ([linker generated]):
    crt0.o                    atari/crt0.s(18)
__MAIN_START__ ([linker generated]):
    exehdr.o                  atari/exehdr.s(4)
__RESERVED_MEMORY__ ([linker generated]):
    system_check.o            atari/system_check.s(25)
    crt0.o                    atari/crt0.s(16)
    [linker generated]        /home/mozzwald/build/cc65/cfg/atari.cfg(25)
__STACKSIZE__ ([linker generated]):
    system_check.o            atari/system_check.s(24)
    [linker generated]        /home/mozzwald/build/cc65/cfg/atari.cfg(25)
__STARTADDRESS__ ([linker generated]):
    system_check.o            atari/system_check.s(20)
__STARTUP__ (crt0.o):
    main.o                    src/main.s(13)
__SYSCHKHDR__ (system_check_hdr.o):
    system_check.o            atari/system_check.s(28)
__SYSCHKTRL__ (system_check_trailer.o):
    system_check.o            atari/system_check.s(28)
__SYSCHK_END__ (system_check.o):
    system_check_hdr.o        atari/system_check_hdr.s(7)
__SYSCHK_LOAD__ ([linker generated]):
    system_check_hdr.o        atari/system_check_hdr.s(7)
__SYSTEM_CHECK__ (system_check.o):
    system_check_trailer.o    atari/system_check_trailer.s(7)
    [linker generated]        /home/mozzwald/build/cc65/cfg/atari.cfg(6)
__ctype (ctype.o):
    ctypemask.o               common/ctypemask.s(23)
__ctypeidx (ctype.o):
    ctypemask.o               common/ctypemask.s(24)
__hextab (_hextab.o):
    itoa.o                    common/itoa.s(10)
_atoi (atoi.o):
    main.o                    src/main.s(14)
_ciov (cio.o):
    conio.o                   src/conio.s(14)
_get_line (conio.o):
    main.o                    src/main.s(21)
_ih (intr.o):
    main.o                    src/main.s(41)
_itoa (itoa.o):
    main.o                    src/main.s(15)
_main (main.o):
    callmain.o                runtime/callmain.s(11)
_nclose (nio.o):
    main.o                    src/main.s(23)
_nopen (nio.o):
    main.o                    src/main.s(22)
_nread (nio.o):
    main.o                    src/main.s(25)
_nstatus (nio.o):
    main.o                    src/main.s(24)
_print (conio.o):
    main.o                    src/main.s(19)
_printl (conio.o):
    main.o                    src/main.s(20)
_siov (sio.o):
    nio.o                     src/nio.s(19)
_strcat (strcat.o):
    main.o                    src/main.s(16)
_strcpy (strcpy.o):
    main.o                    src/main.s(17)
_strlen (strlen.o):
    conio.o                   src/conio.s(13)
    main.o                    src/main.s(18)
_trip (main.o):
    intr.o                    src/intr.s(2)
addeq0sp (addeqsp.o):
    main.o                    src/main.s(460)
addysp (addysp.o):
    incsp7.o                  runtime/incsp7.s(8)
    incsp6.o                  runtime/incsp6.s(8)
    incsp4.o                  runtime/incsp4.s(8)
    incsp3.o                  runtime/incsp3.s(8)
addysp1 (addysp.o):
    itoa.o                    common/itoa.s(9)
callmain (callmain.o):
    crt0.o                    atari/crt0.s(15)
ctypemaskdirect (ctypemask.o):
    atoi.o                    common/atoi.s(11)
decsp4 (decsp4.o):
    main.o                    src/main.s(460)
    main.o                    src/main.s(460)
donelib (condes.o):
    crt0.o                    atari/crt0.s(14)
incsp2 (incsp2.o):
    conio.o                   src/conio.s(135)
incsp3 (incsp3.o):
    conio.o                   src/conio.s(135)
    nio.o                     src/nio.s(453)
    nio.o                     src/nio.s(453)
    nio.o                     src/nio.s(453)
incsp4 (incsp4.o):
    conio.o                   src/conio.s(135)
    conio.o                   src/conio.s(135)
    nio.o                     src/nio.s(453)
incsp6 (incsp6.o):
    main.o                    src/main.s(460)
incsp7 (incsp7.o):
    nio.o                     src/nio.s(453)
    nio.o                     src/nio.s(453)
    nio.o                     src/nio.s(453)
initlib (condes.o):
    crt0.o                    atari/crt0.s(14)
negeax (lneg.o):
    atoi.o                    common/atoi.s(9)
popax (incsp2.o):
    strcpy.o                  common/strcpy.s(8)
    strcat.o                  common/strcat.s(9)
ptr1 (zeropage.o):
    zerobss.o                 common/zerobss.s(9)
    strcpy.o                  common/strcpy.s(9)
    strcat.o                  common/strcat.s(10)
    atoi.o                    common/atoi.s(10)
    main.o                    src/main.s(11)
    nio.o                     src/nio.s(11)
ptr2 (zeropage.o):
    strlen.o                  common/strlen.s(12)
    strcpy.o                  common/strcpy.s(9)
    strcat.o                  common/strcat.s(10)
    itoa.o                    common/itoa.s(11)
    atoi.o                    common/atoi.s(10)
ptr3 (zeropage.o):
    itoa.o                    common/itoa.s(11)
push0 (pushax.o):
    main.o                    src/main.s(460)
pusha (pusha.o):
    conio.o                   src/conio.s(135)
    nio.o                     src/nio.s(453)
    nio.o                     src/nio.s(453)
    nio.o                     src/nio.s(453)
    nio.o                     src/nio.s(453)
    nio.o                     src/nio.s(453)
    nio.o                     src/nio.s(453)
    nio.o                     src/nio.s(453)
pushax (pushax.o):
    callmain.o                runtime/callmain.s(11)
    conio.o                   src/conio.s(135)
    conio.o                   src/conio.s(135)
    conio.o                   src/conio.s(135)
    main.o                    src/main.s(460)
    main.o                    src/main.s(460)
    main.o                    src/main.s(460)
    nio.o                     src/nio.s(453)
    nio.o                     src/nio.s(453)
    nio.o                     src/nio.s(453)
    nio.o                     src/nio.s(453)
    nio.o                     src/nio.s(453)
    nio.o                     src/nio.s(453)
pushwysp (pushwsp.o):
    conio.o                   src/conio.s(135)
sp (zeropage.o):
    addysp.o                  runtime/addysp.s(8)
    pushwsp.o                 runtime/pushwsp.s(8)
    pushax.o                  runtime/pushax.s(8)
    pusha.o                   runtime/pusha.s(8)
    itoa.o                    common/itoa.s(11)
    incsp2.o                  runtime/incsp2.s(8)
    decsp4.o                  runtime/decsp4.s(8)
    crt0.o                    /home/mozzwald/build/cc65/asminc/zeropage.inc(11)
    addeqsp.o                 runtime/addeqsp.s(8)
    conio.o                   src/conio.s(10)
    main.o                    src/main.s(10)
    nio.o                     src/nio.s(10)
sreg (zeropage.o):
    lneg.o                    runtime/lneg.s(11)
    itoa.o                    common/itoa.s(11)
    atoi.o                    common/atoi.s(10)
start (crt0.o):
    exetrailer.o              atari/exetrailer.s(4)
tmp1 (zeropage.o):
    itoa.o                    common/itoa.s(11)
    atoi.o                    common/atoi.s(10)
tmp3 (zeropage.o):
    strcat.o                  common/strcat.s(10)
zerobss (zerobss.o):
    crt0.o                    atari/crt0.s(15)

